exports[`sum adds 1 + 2 to equal 3 1`] = `
<div>
  <h3>
    My Title
  </h3>
</div>
`;
